seed 1 SOBO_E: 17 s
seed 1 MOBO: 146 s
seed 1 SOBO_V: 27 s
seed 1 SOBO_C: 17 s
seed 1 SOBO_T: 17 s
seed 4 SOBO_E: 19 s
seed 4 MOBO: 188 s
seed 4 SOBO_V: 39 s
seed 4 SOBO_C: 24 s
seed 4 SOBO_T: 18 s
seed 2 SOBO_E: 21 s
seed 2 MOBO: 214 s
seed 2 SOBO_V: 16 s
seed 2 SOBO_C: 16 s
seed 2 SOBO_T: 23 s
seed 3 SOBO_E: 23 s
seed 3 MOBO: 246 s
seed 3 SOBO_V: 20 s
seed 3 SOBO_C: 17 s
seed 3 SOBO_T: 19 s
seed 5 SOBO_E: 21 s
seed 5 MOBO: 207 s
seed 5 SOBO_V: 18 s
seed 5 SOBO_C: 14 s
seed 5 SOBO_T: 22 s
seed 6 SOBO_E: 17 s
seed 6 MOBO: 166 s
seed 6 SOBO_V: 11 s
seed 6 SOBO_C: 14 s
seed 6 SOBO_T: 19 s
seed 8 SOBO_E: 17 s
seed 8 MOBO: 136 s
seed 8 SOBO_V: 21 s
seed 8 SOBO_C: 14 s
seed 8 SOBO_T: 16 s
seed 7 SOBO_E: 21 s
seed 7 MOBO: 224 s
seed 7 SOBO_V: 21 s
seed 7 SOBO_C: 16 s
seed 7 SOBO_T: 23 s
seed 12 SOBO_E: 17 s
seed 12 MOBO: 115 s
seed 12 SOBO_V: 22 s
seed 12 SOBO_C: 17 s
seed 12 SOBO_T: 21 s
seed 9 SOBO_E: 16 s
seed 9 MOBO: 210 s
seed 9 SOBO_V: 23 s
seed 9 SOBO_C: 20 s
seed 9 SOBO_T: 22 s
seed 10 SOBO_E: 18 s
seed 10 MOBO: 278 s
seed 10 SOBO_V: 16 s
seed 10 SOBO_C: 12 s
seed 10 SOBO_T: 12 s
seed 11 SOBO_E: 20 s
seed 11 MOBO: 296 s
seed 11 SOBO_V: 18 s
seed 11 SOBO_C: 12 s
seed 11 SOBO_T: 12 s
seed 13 SOBO_E: 21 s
seed 13 MOBO: 68 s
seed 13 SOBO_V: 17 s
seed 13 SOBO_C: 10 s
seed 13 SOBO_T: 23 s
seed 14 SOBO_E: 24 s
seed 14 MOBO: 168 s
seed 14 SOBO_V: 14 s
seed 14 SOBO_C: 13 s
seed 14 SOBO_T: 15 s
seed 15 SOBO_E: 18 s
seed 15 MOBO: 136 s
seed 15 SOBO_V: 18 s
seed 15 SOBO_C: 14 s
seed 15 SOBO_T: 13 s
seed 16 SOBO_E: 29 s
seed 16 MOBO: 247 s
seed 16 SOBO_V: 23 s
seed 16 SOBO_C: 20 s
seed 16 SOBO_T: 11 s
seed 19 SOBO_E: 15 s
seed 19 MOBO: 136 s
seed 19 SOBO_V: 20 s
seed 19 SOBO_C: 15 s
seed 19 SOBO_T: 14 s
seed 18 SOBO_E: 19 s
seed 18 MOBO: 192 s
seed 18 SOBO_V: 15 s
seed 18 SOBO_C: 13 s
seed 18 SOBO_T: 17 s
seed 17 SOBO_E: 16 s
seed 17 MOBO: 351 s
seed 17 SOBO_V: 16 s
seed 17 SOBO_C: 14 s
seed 17 SOBO_T: 9 s
seed 20 SOBO_E: 17 s
seed 20 MOBO: 91 s
seed 20 SOBO_V: 15 s
seed 20 SOBO_C: 12 s
seed 20 SOBO_T: 14 s
Finished in 22.8 min. Logs in results/logs
exit 0
